// Jest Snapshot v1, https://goo.gl/fbAQLP

exports[`Hue Slider  Should render correctly 1`] = `
<div>
  <div
    class="css-cqd1um-SliderHandle__Wrapper e9y9zbe0"
  >
    <div
      class="css-gjeaqo-SliderHandle__Handle e9y9zbe1"
      style="top: 50px; left: 33px; background: rgb(255, 240, 220);"
    />
    <div
      class="css-1ok0unb-HueSlider__Background e11e8k5c0"
    />
  </div>
</div>
`;
