// Jest Snapshot v1, https://goo.gl/fbAQLP

exports[`Selected Color Should render correctly 1`] = `
<div
  class="css-18vytbf-SelectedColor__Background e1svbpgc0"
  style="background: rgb(255, 240, 220);"
/>
`;
